---
source: tui/src/app/owned_screen_tests.rs
expression: terminal.backend()
---
" Parent                                  │ Side  ⌥ + 1 / ⌥ + 2 focus               "
"                                         │OpenAI Codex (vcodex-quiet 0.145.0)      "
"                                         │model: loading                           "
"                                         │directory: /tmp/project                  "
"                                         │                                         "
"                                         │                                         "
"                                         │                                         "
"                                         │                                         "
"                                         │                                         "
"› parent draft                           │› side draft                             "
"                                         │                                         "
"  gpt-5.6-sol default · /tmp/project     │  gpt-5.6-sol default · /tmp/project     "
