---
source: tui/src/app/owned_screen_tests.rs
expression: terminal.backend()
---
" Side  ⌥ + 1 / ⌥ + 2 focus                                                        "
"side transcript                                                                   "
"                                                                                  "
"╭──────────────────────────────────────────╮                                      "
"│ >_ Quiet for Codex (codex-quiet 0.145.0) │                                      "
"│                                          │                                      "
"│ model:     loading   /model to change    │                                      "
"│ directory: /tmp/project                  │                                      "
"╰──────────────────────────────────────────╯                                      "
"                                                                                  "
"                                                                                  "
"› side draft                                                                      "
"                                                                                  "
"  gpt-5.6-sol default · /tmp/project                                              "
