---
source: tui/src/app/owned_screen_tests.rs
expression: expanded.backend()
---
"▾ Work: read 2 files · Alt+I inspect · Alt+O all                                "
"                                                                                "
"• Explored                                                                      "
"  └ Read file app.rs                                                            "
"                                                                                "
"• Explored                                                                      "
"  └ Read file lib.rs                                                            "
"                                                                                "
"                                                                                "
"› Ask Codex to do anything                                                      "
"                                                                                "
"  gpt-5.6-sol default · /tmp/project                                            "
