---
source: tui/src/app/owned_screen_tests.rs
expression: side_terminal.backend()
---
" Parent                                  │ Side  ⌥ + 1 / ⌥ + 2 focus               "
"parent transcript                        │side transcript                          "
"                                         │                                         "
"                                         │╭───────────────────────────────────────╮"
"                                         ││ >_ OpenAI Codex (codex-quiet 0.144.5) │"
"                                         ││                                       │"
"                                         ││ model:     loading   /model to change │"
"                                         ││ directory: /tmp/project               │"
"                                         │╰───────────────────────────────────────╯"
"                                         │                                         "
"                                         │                                         "
"                                         │                                         "
"                                         │                                         "
"› parent draft                           │› side draft                             "
"                                         │                                         "
"  gpt-5.6-sol default · /tmp/project     │  gpt-5.6-sol default · /tmp/project     "
