---
source: tui/src/bottom_pane/mod.rs
assertion_line: 2797
expression: "render_snapshot(&pane, area)"
---
                                                
› Ask Codex to do anything                      
                                                
  ⠋ esc interrupt · Working… 100% context left
