---
source: tui/src/chatwidget/tests/guardian.rs
assertion_line: 287
expression: normalize_snapshot_paths(term.backend().vt100().screen().contents())
---





✔ Request approved for permission request: Need write access for generated
  report assets.
──────────────────────────────────────────────────────────────────────────────────────────────────────────────

› Ask Codex to do anything

  ⠋ Working · gpt-5.6-sol · default (0s • esc to interrupt)                                100% context left
