---
source: tui/src/chatwidget/tests/status_and_layout.rs
assertion_line: 3025
expression: normalized_backend_snapshot(terminal.backend())
---
"────────────────────────────────────────────────────────────────────────────────"
"                                                                                "
"› Ask Codex to do anything                                                      "
"                                                                                "
"  ⠋ esc interrupt · gpt-5.6-sol · default · Analyzing 0s     100% context left  "
