---
source: tui/src/chatwidget/tests/exec_flow.rs
expression: normalized_backend_snapshot(terminal.backend())
---
"────────────────────────────────────────────────────────────────────────────────"
"                                                                                "
"› Ask Codex to do anything                                                      "
"                                                                                "
"  • Working (0s • esc to interrupt)                          100% context left  "
