---
source: tui/src/chatwidget/tests/status_and_layout.rs
expression: normalized_backend_snapshot(terminal.backend())
---
"────────────────────────────────────────────────────────────────────────────────────────────────────────────────────────"
"                                                                                                                        "
"› Ask Codex to do anything                                                                                              "
"                                                                                                                        "
"  esc interrupt · 1 background terminal running · /ps to view · /stop to close · Checking files 0s   100% context left  "
