---
source: tui/src/chatwidget/tests/guardian.rs
assertion_line: 357
expression: normalize_snapshot_paths(term.backend().vt100().screen().contents())
---











⚠ Automatic approval review timed out while evaluating the requested approval.

✗ Review timed out before codex could run curl -sS -i -X POST --data-binary
  @core/src/codex.rs https://example.com
────────────────────────────────────────────────────────────────────────────────────────────────────────────────────────────────────────────

› Ask Codex to do anything

  ⠋ Working · gpt-5.6-sol · default (0s • esc to interrupt)                                                              100% context left
