---
source: tui/src/chatwidget/tests/guardian.rs
assertion_line: 657
expression: normalize_snapshot_paths(rendered)
---
────────────────────────────────────────────────────────────────────────
⠋ esc interrupt · gpt-5.6-sol · default · Reviewing approval request 0s
  └ rm -rf '/tmp/current-review'


› Ask Codex to do anything

  gpt-5.6-sol default · /tmp/project
