---
source: tui/src/chatwidget/tests/status_and_layout.rs
expression: snapshot
---
"────────────────────────────────────────────────────────────────────────────────"
"                                                                                "
"› Ask Codex to do anything                                                      "
"                                                                                "
"  • Working (0s • esc to interrupt)                 Goal paused (/goal resume)  "
