---
source: tui/src/chatwidget/tests/side.rs
expression: normalized_backend_snapshot(terminal.backend())
---
"────────────────────────────────────────────────────────────────────────────────"
"                                                                                "
"› Ask Codex to do anything                                                      "
"                                                                                "
"  • Working (0s • esc to interrupt)                           Side starting...  "
